// Jest Snapshot v1, https://goo.gl/fbAQLP

exports[`Should return true 1`] = `
<div>
  <table>
    <thead>
      <th>
        <tr>
          Name
        </tr>
        <tr>
          Age
        </tr>
      </th>
    </thead>
    <tbody />
  </table>
</div>
`;
